../Core/Src/precharge.c:37:6:precharge_control_init	16	static
../Core/Src/precharge.c:98:6:precharge_fsm_tick	16	static
../Core/Src/precharge.c:127:13:FSM_Precharge	8	static
../Core/Src/precharge.c:142:13:FSM_Normal_Operation	8	static
../Core/Src/precharge.c:153:13:FSM_Fault	8	static
../Core/Src/precharge.c:161:13:UpdateSensorReadings	8	static
../Core/Src/precharge.c:225:16:CheckForFaults	4	static
../Core/Src/precharge.c:269:16:IsPrechargeComplete	4	static
../Core/Src/precharge.c:275:13:SetContactor	16	static
../Core/Src/precharge.c:281:13:PowerMotors	16	static
../Core/Src/precharge.c:299:18:get_current_state	4	static
../Core/Src/precharge.c:303:13:get_current_fault	4	static
../Core/Src/precharge.c:307:6:get_sensor_data	16	static
