Archive member included to satisfy reference by file (symbol)

C:/Program Files/ST/STM32CubeIDE_1.19.0/STM32CubeIDE/plugins/com.st.stm32cube.ide.mcu.externaltools.gnu-tools-for-stm32.13.3.rel1.win32_1.0.0.202411081344/tools/bin/../lib/gcc/arm-none-eabi/13.3.1/../../../../arm-none-eabi/lib/thumb/v7e-m+fp/hard\libc_nano.a(libc_a-exit.o)
                              C:/Program Files/ST/STM32CubeIDE_1.19.0/STM32CubeIDE/plugins/com.st.stm32cube.ide.mcu.externaltools.gnu-tools-for-stm32.13.3.rel1.win32_1.0.0.202411081344/tools/bin/../lib/gcc/arm-none-eabi/13.3.1/../../../../arm-none-eabi/lib/thumb/v7e-m+fp/hard/crt0.o (exit)
C:/Program Files/ST/STM32CubeIDE_1.19.0/STM32CubeIDE/plugins/com.st.stm32cube.ide.mcu.externaltools.gnu-tools-for-stm32.13.3.rel1.win32_1.0.0.202411081344/tools/bin/../lib/gcc/arm-none-eabi/13.3.1/../../../../arm-none-eabi/lib/thumb/v7e-m+fp/hard\libc_nano.a(libc_a-findfp.o)
                              C:/Program Files/ST/STM32CubeIDE_1.19.0/STM32CubeIDE/plugins/com.st.stm32cube.ide.mcu.externaltools.gnu-tools-for-stm32.13.3.rel1.win32_1.0.0.202411081344/tools/bin/../lib/gcc/arm-none-eabi/13.3.1/../../../../arm-none-eabi/lib/thumb/v7e-m+fp/hard\libc_nano.a(libc_a-exit.o) (__stdio_exit_handler)
C:/Program Files/ST/STM32CubeIDE_1.19.0/STM32CubeIDE/plugins/com.st.stm32cube.ide.mcu.externaltools.gnu-tools-for-stm32.13.3.rel1.win32_1.0.0.202411081344/tools/bin/../lib/gcc/arm-none-eabi/13.3.1/../../../../arm-none-eabi/lib/thumb/v7e-m+fp/hard\libc_nano.a(libc_a-fwalk.o)
                              C:/Program Files/ST/STM32CubeIDE_1.19.0/STM32CubeIDE/plugins/com.st.stm32cube.ide.mcu.externaltools.gnu-tools-for-stm32.13.3.rel1.win32_1.0.0.202411081344/tools/bin/../lib/gcc/arm-none-eabi/13.3.1/../../../../arm-none-eabi/lib/thumb/v7e-m+fp/hard\libc_nano.a(libc_a-findfp.o) (_fwalk_sglue)
C:/Program Files/ST/STM32CubeIDE_1.19.0/STM32CubeIDE/plugins/com.st.stm32cube.ide.mcu.externaltools.gnu-tools-for-stm32.13.3.rel1.win32_1.0.0.202411081344/tools/bin/../lib/gcc/arm-none-eabi/13.3.1/../../../../arm-none-eabi/lib/thumb/v7e-m+fp/hard\libc_nano.a(libc_a-stdio.o)
                              C:/Program Files/ST/STM32CubeIDE_1.19.0/STM32CubeIDE/plugins/com.st.stm32cube.ide.mcu.externaltools.gnu-tools-for-stm32.13.3.rel1.win32_1.0.0.202411081344/tools/bin/../lib/gcc/arm-none-eabi/13.3.1/../../../../arm-none-eabi/lib/thumb/v7e-m+fp/hard\libc_nano.a(libc_a-findfp.o) (__sread)
C:/Program Files/ST/STM32CubeIDE_1.19.0/STM32CubeIDE/plugins/com.st.stm32cube.ide.mcu.externaltools.gnu-tools-for-stm32.13.3.rel1.win32_1.0.0.202411081344/tools/bin/../lib/gcc/arm-none-eabi/13.3.1/../../../../arm-none-eabi/lib/thumb/v7e-m+fp/hard\libc_nano.a(libc_a-memset.o)
                              C:/Program Files/ST/STM32CubeIDE_1.19.0/STM32CubeIDE/plugins/com.st.stm32cube.ide.mcu.externaltools.gnu-tools-for-stm32.13.3.rel1.win32_1.0.0.202411081344/tools/bin/../lib/gcc/arm-none-eabi/13.3.1/../../../../arm-none-eabi/lib/thumb/v7e-m+fp/hard/crt0.o (memset)
C:/Program Files/ST/STM32CubeIDE_1.19.0/STM32CubeIDE/plugins/com.st.stm32cube.ide.mcu.externaltools.gnu-tools-for-stm32.13.3.rel1.win32_1.0.0.202411081344/tools/bin/../lib/gcc/arm-none-eabi/13.3.1/../../../../arm-none-eabi/lib/thumb/v7e-m+fp/hard\libc_nano.a(libc_a-closer.o)
                              C:/Program Files/ST/STM32CubeIDE_1.19.0/STM32CubeIDE/plugins/com.st.stm32cube.ide.mcu.externaltools.gnu-tools-for-stm32.13.3.rel1.win32_1.0.0.202411081344/tools/bin/../lib/gcc/arm-none-eabi/13.3.1/../../../../arm-none-eabi/lib/thumb/v7e-m+fp/hard\libc_nano.a(libc_a-stdio.o) (_close_r)
C:/Program Files/ST/STM32CubeIDE_1.19.0/STM32CubeIDE/plugins/com.st.stm32cube.ide.mcu.externaltools.gnu-tools-for-stm32.13.3.rel1.win32_1.0.0.202411081344/tools/bin/../lib/gcc/arm-none-eabi/13.3.1/../../../../arm-none-eabi/lib/thumb/v7e-m+fp/hard\libc_nano.a(libc_a-reent.o)
                              C:/Program Files/ST/STM32CubeIDE_1.19.0/STM32CubeIDE/plugins/com.st.stm32cube.ide.mcu.externaltools.gnu-tools-for-stm32.13.3.rel1.win32_1.0.0.202411081344/tools/bin/../lib/gcc/arm-none-eabi/13.3.1/../../../../arm-none-eabi/lib/thumb/v7e-m+fp/hard\libc_nano.a(libc_a-closer.o) (errno)
C:/Program Files/ST/STM32CubeIDE_1.19.0/STM32CubeIDE/plugins/com.st.stm32cube.ide.mcu.externaltools.gnu-tools-for-stm32.13.3.rel1.win32_1.0.0.202411081344/tools/bin/../lib/gcc/arm-none-eabi/13.3.1/../../../../arm-none-eabi/lib/thumb/v7e-m+fp/hard\libc_nano.a(libc_a-impure.o)
                              C:/Program Files/ST/STM32CubeIDE_1.19.0/STM32CubeIDE/plugins/com.st.stm32cube.ide.mcu.externaltools.gnu-tools-for-stm32.13.3.rel1.win32_1.0.0.202411081344/tools/bin/../lib/gcc/arm-none-eabi/13.3.1/../../../../arm-none-eabi/lib/thumb/v7e-m+fp/hard\libc_nano.a(libc_a-reent.o) (_impure_ptr)
[...]
Memory Configuration

Name             Origin             Length             Attributes
RAM              0x20000000         0x00020000         xrw
FLASH            0x08000000         0x00080000         xr
*default*        0x00000000         0xffffffff

Linker script and memory map

LOAD C:/Program Files/ST/STM32CubeIDE_1.19.0/STM32CubeIDE/plugins/com.st.stm32cube.ide.mcu.externaltools.gnu-tools-for-stm32.13.3.rel1.win32_1.0.0.202411081344/tools/bin/../lib/gcc/arm-none-eabi/13.3.1/thumb/v7e-m+fp/hard/crti.o
LOAD C:/Program Files/ST/STM32CubeIDE_1.19.0/STM32CubeIDE/plugins/com.st.stm32cube.ide.mcu.externaltools.gnu-tools-for-stm32.13.3.rel1.win32_1.0.0.202411081344/tools/bin/../lib/gcc/arm-none-eabi/13.3.1/thumb/v7e-m+fp/hard/crtbegin.o
LOAD C:/Program Files/ST/STM32CubeIDE_1.19.0/STM32CubeIDE/plugins/com.st.stm32cube.ide.mcu.externaltools.gnu-tools-for-stm32.13.3.rel1.win32_1.0.0.202411081344/tools/bin/../lib/gcc/arm-none-eabi/13.3.1/../../../../arm-none-eabi/lib/thumb/v7e-m+fp/hard/crt0.o
LOAD ./Core/Src/can.o
LOAD ./Core/Src/gpio.o
LOAD ./Core/Src/i2c.o
LOAD ./Core/Src/ina228_driver.o
LOAD ./Core/Src/main.o
LOAD ./Core/Src/precharge.o
LOAD ./Core/Src/stm32f4xx_hal_msp.o
LOAD ./Core/Src/stm32f4xx_it.o
LOAD ./Core/Src/syscalls.o
LOAD ./Core/Src/sysmem.o
LOAD ./Core/Src/system_stm32f4xx.o
LOAD ./Core/Src/usart.o
LOAD ./Core/Startup/startup_stm32f446retx.o
LOAD ./Drivers/STM32F4xx_HAL_Driver/Src/stm32f4xx_hal.o
LOAD ./Drivers/STM32F4xx_HAL_Driver/Src/stm32f4xx_hal_can.o
LOAD ./Drivers/STM32F4xx_HAL_Driver/Src/stm32f4xx_hal_cortex.o
LOAD ./Drivers/STM32F4xx_HAL_Driver/Src/stm32f4xx_hal_dma.o
LOAD ./Drivers/STM32F4xx_HAL_Driver/Src/stm32f4xx_hal_dma_ex.o
LOAD ./Drivers/STM32F4xx_HAL_Driver/Src/stm32f4xx_hal_exti.o
LOAD ./Drivers/STM32F4xx_HAL_Driver/Src/stm32f4xx_hal_flash.o
LOAD ./Drivers/STM32F4xx_HAL_Driver/Src/stm32f4xx_hal_flash_ex.o
LOAD ./Drivers/STM32F4xx_HAL_Driver/Src/stm32f4xx_hal_flash_ramfunc.o
LOAD ./Drivers/STM32F4xx_HAL_Driver/Src/stm32f4xx_hal_gpio.o
LOAD ./Drivers/STM32F4xx_HAL_Driver/Src/stm32f4xx_hal_i2c.o
LOAD ./Drivers/STM32F4xx_HAL_Driver/Src/stm32f4xx_hal_i2c_ex.o
LOAD ./Drivers/STM32F4xx_HAL_Driver/Src/stm32f4xx_hal_pwr.o
LOAD ./Drivers/STM32F4xx_HAL_Driver/Src/stm32f4xx_hal_pwr_ex.o
LOAD ./Drivers/STM32F4xx_HAL_Driver/Src/stm32f4xx_hal_rcc.o
LOAD ./Drivers/STM32F4xx_HAL_Driver/Src/stm32f4xx_hal_rcc_ex.o
LOAD ./Drivers/STM32F4xx_HAL_Driver/Src/stm32f4xx_hal_uart.o
START GROUP
LOAD C:/Program Files/ST/STM32CubeIDE_1.19.0/STM32CubeIDE/plugins/com.st.stm32cube.ide.mcu.externaltools.gnu-tools-for-stm32.13.3.rel1.win32_1.0.0.202411081344/tools/bin/../lib/gcc/arm-none-eabi/13.3.1/../../../../arm-none-eabi/lib/thumb/v7e-m+fp/hard\libc_nano.a
LOAD C:/Program Files/ST/STM32CubeIDE_1.19.0/STM32CubeIDE/plugins/com.st.stm32cube.ide.mcu.externaltools.gnu-tools-for-stm32.13.3.rel1.win32_1.0.0.202411081344/tools/bin/../lib/gcc/arm-none-eabi/13.3.1/../../../../arm-none-eabi/lib/thumb/v7e-m+fp/hard\libm.a
END GROUP
START GROUP
LOAD C:/Program Files/ST/STM32CubeIDE_1.19.0/STM32CubeIDE/plugins/com.st.stm32cube.ide.mcu.externaltools.gnu-tools-for-stm32.13.3.rel1.win32_1.0.0.202411081344/tools/bin/../lib/gcc/arm-none-eabi/13.3.1/thumb/v7e-m+fp/hard\libgcc.a
LOAD C:/Program Files/ST/STM32CubeIDE_1.19.0/STM32CubeIDE/plugins/com.st.stm32cube.ide.mcu.externaltools.gnu-tools-for-stm32.13.3.rel1.win32_1.0.0.202411081344/tools/bin/../lib/gcc/arm-none-eabi/13.3.1/../../../../arm-none-eabi/lib/thumb/v7e-m+fp/hard\libc_nano.a
END GROUP
START GROUP
LOAD C:/Program Files/ST/STM32CubeIDE_1.19.0/STM32CubeIDE/plugins/com.st.stm32cube.ide.mcu.externaltools.gnu-tools-for-stm32.13.3.rel1.win32_1.0.0.202411081344/tools/bin/../lib/gcc/arm-none-eabi/13.3.1/thumb/v7e-m+fp/hard\libgcc.a
LOAD C:/Program Files/ST/STM32CubeIDE_1.19.0/STM32CubeIDE/plugins/com.st.stm32cube.ide.mcu.externaltools.gnu-tools-for-stm32.13.3.rel1.win32_1.0.0.202411081344/tools/bin/../lib/gcc/arm-none-eabi/13.3.1/../../../../arm-none-eabi/lib/thumb/v7e-m+fp/hard\libc_nano.a
LOAD C:/Program Files/ST/STM32CubeIDE_1.19.0/STM32CubeIDE/plugins/com.st.stm32cube.ide.mcu.externaltools.gnu-tools-for-stm32.13.3.rel1.win32_1.0.0.202411081344/tools/bin/../lib/gcc/arm-none-eabi/13.3.1/../../../../arm-none-eabi/lib/thumb/v7e-m+fp/hard\libnosys.a
END GROUP
START GROUP
LOAD C:/Program Files/ST/STM32CubeIDE_1.19.0/STM32CubeIDE/plugins/com.st.stm32cube.ide.mcu.externaltools.gnu-tools-for-stm32.13.3.rel1.win32_1.0.0.202411081344/tools/bin/../lib/gcc/arm-none-eabi/13.3.1/thumb/v7e-m+fp/hard\libgcc.a
LOAD C:/Program Files/ST/STM32CubeIDE_1.19.0/STM32CubeIDE/plugins/com.st.stm32cube.ide.mcu.externaltools.gnu-tools-for-stm32.13.3.rel1.win32_1.0.0.202411081344/tools/bin/../lib/gcc/arm-none-eabi/13.3.1/../../../../arm-none-eabi/lib/thumb/v7e-m+fp/hard\libc_nano.a
LOAD C:/Program Files/ST/STM32CubeIDE_1.19.0/STM32CubeIDE/plugins/com.st.stm32cube.ide.mcu.externaltools.gnu-tools-for-stm32.13.3.rel1.win32_1.0.0.202411081344/tools/bin/../lib/gcc/arm-none-eabi/13.3.1/../../../../arm-none-eabi/lib/thumb/v7e-m+fp/hard\libnosys.a
END GROUP
LOAD C:/Program Files/ST/STM32CubeIDE_1.19.0/STM32CubeIDE/plugins/com.st.stm32cube.ide.mcu.externaltools.gnu-tools-for-stm32.13.3.rel1.win32_1.0.0.202411081344/tools/bin/../lib/gcc/arm-none-eabi/13.3.1/thumb/v7e-m+fp/hard/crtend.o
LOAD C:/Program Files/ST/STM32CubeIDE_1.19.0/STM32CubeIDE/plugins/com.st.stm32cube.ide.mcu.externaltools.gnu-tools-for-stm32.13.3.rel1.win32_1.0.0.202411081344/tools/bin/../lib/gcc/arm-none-eabi/13.3.1/thumb/v7e-m+fp/hard/crtn.o
                0x20020000                        _estack = (ORIGIN (RAM) + LENGTH (RAM))
                0x00000200                        _Min_Heap_Size = 0x200
                0x00000400                        _Min_Stack_Size = 0x400

.isr_vector     0x08000000      0x1c4
                0x08000000                        . = ALIGN (0x4)
 *(.isr_vector)
 .isr_vector    0x08000000      0x1c4 ./Core/Startup/startup_stm32f446retx.o
                0x08000000                g_pfnVectors
                0x080001c4                        . = ALIGN (0x4)

.text           0x080001c4     0x3c50
                0x080001c4                        . = ALIGN (0x4)
 *(.text)
 .text          0x080001c4       0x40 C:/Program Files/ST/STM32CubeIDE_1.19.0/STM32CubeIDE/plugins/com.st.stm32cube.ide.mcu.externaltools.gnu-tools-for-stm32.13.3.rel1.win32_1.0.0.202411081344/tools/bin/../lib/gcc/arm-none-eabi/13.3.1/thumb/v7e-m+fp/hard/crtbegin.o
 .text          0x08000204       0x30 C:/Program Files/ST/STM32CubeIDE_1.19.0/STM32CubeIDE/plugins/com.st.stm32cube.ide.mcu.externaltools.gnu-tools-for-stm32.13.3.rel1.win32_1.0.0.202411081344/tools/bin/../lib/gcc/arm-none-eabi/13.3.1/thumb/v7e-m+fp/hard\libgcc.a(_aeabi_uldivmod.o)
                0x08000204                __aeabi_uldivmod
 .text          0x08000234      0x2f8 C:/Program Files/ST/STM32CubeIDE_1.19.0/STM32CubeIDE/plugins/com.st.stm32cube.ide.mcu.externaltools.gnu-tools-for-stm32.13.3.rel1.win32_1.0.0.202411081344/tools/bin/../lib/gcc/arm-none-eabi/13.3.1/thumb/v7e-m+fp/hard\libgcc.a(_udivmoddi4.o)
                0x08000234                __udivmoddi4
 .text          0x0800052c        0x4 C:/Program Files/ST/STM32CubeIDE_1.19.0/STM32CubeIDE/plugins/com.st.stm32cube.ide.mcu.externaltools.gnu-tools-for-stm32.13.3.rel1.win32_1.0.0.202411081344/tools/bin/../lib/gcc/arm-none-eabi/13.3.1/thumb/v7e-m+fp/hard\libgcc.a(_dvmd_tls.o)
                0x0800052c                __aeabi_idiv0
                0x0800052c                __aeabi_ldiv0
 *(.text*)
 .text.MX_CAN1_Init
                0x08000530       0x68 ./Core/Src/can.o
                0x08000530                MX_CAN1_Init
 .text.HAL_CAN_MspInit
                0x08000598       0x90 ./Core/Src/can.o
                0x08000598                HAL_CAN_MspInit
 .text.MX_GPIO_Init
                0x08000628      0x104 ./Core/Src/gpio.o
                0x08000628                MX_GPIO_Init
 .text.MX_I2C1_Init
                0x0800072c       0x5c ./Core/Src/i2c.o
                0x0800072c                MX_I2C1_Init
 .text.HAL_I2C_MspInit
                0x08000788       0x90 ./Core/Src/i2c.o
                0x08000788                HAL_I2C_MspInit
 .text.INA228_WriteRegister16
                0x08000818       0x48 ./Core/Src/ina228_driver.o
 .text.INA228_ReadRegister24_20bit
                0x08000860       0x8c ./Core/Src/ina228_driver.o
 .text.INA228_CalculateCalibration
                0x080008ec       0x44 ./Core/Src/ina228_driver.o
 .text.INA228_Init
                0x08000930       0x9c ./Core/Src/ina228_driver.o
                0x08000930                INA228_Init
 .text.INA228_ReadVoltage
                0x080009cc       0x54 ./Core/Src/ina228_driver.o
                0x080009cc                INA228_ReadVoltage
 .text.INA228_ConfigureAlerts
                0x08000a20       0xd4 ./Core/Src/ina228_driver.o
                0x08000a20                INA228_ConfigureAlerts
 .text.main     0x08000af4       0x26 ./Core/Src/main.o
                0x08000af4                main
 *fill*         0x08000b1a        0x2 
 .text.SystemClock_Config
                0x08000b1c       0xdc ./Core/Src/main.o
                0x08000b1c                SystemClock_Config
 .text.Error_Handler
                0x08000bf8        0xc ./Core/Src/main.o
                0x08000bf8                Error_Handler
 .text.precharge_control_init
                0x08000c04      0x188 ./Core/Src/precharge.o
                0x08000c04                precharge_control_init
 .text.precharge_fsm_tick
                0x08000d8c       0x68 ./Core/Src/precharge.o
                0x08000d8c                precharge_fsm_tick
 .text.FSM_Precharge
                0x08000df4       0x38 ./Core/Src/precharge.o
 .text.FSM_Normal_Operation
                0x08000e2c       0x14 ./Core/Src/precharge.o
 .text.FSM_Fault
                0x08000e40       0x14 ./Core/Src/precharge.o
 .text.UpdateSensorReadings
                0x08000e54      0x194 ./Core/Src/precharge.o
 .text.CheckForFaults
                0x08000fe8      0x110 ./Core/Src/precharge.o
 .text.IsPrechargeComplete
                0x080010f8       0x30 ./Core/Src/precharge.o
 .text.SetContactor
                0x08001128       0x34 ./Core/Src/precharge.o
 .text.PowerMotors
                0x0800115c       0x70 ./Core/Src/precharge.o
 .text.HAL_MspInit
                0x080011cc       0x50 ./Core/Src/stm32f4xx_hal_msp.o
                0x080011cc                HAL_MspInit
 .text.NMI_Handler
                0x0800121c        0x8 ./Core/Src/stm32f4xx_it.o
                0x0800121c                NMI_Handler
 .text.HardFault_Handler
                0x08001224        0x8 ./Core/Src/stm32f4xx_it.o
                0x08001224                HardFault_Handler
 .text.MemManage_Handler
                0x0800122c        0x8 ./Core/Src/stm32f4xx_it.o
                0x0800122c                MemManage_Handler
 .text.BusFault_Handler
                0x08001234        0x8 ./Core/Src/stm32f4xx_it.o
                0x08001234                BusFault_Handler
 .text.UsageFault_Handler
                0x0800123c        0x8 ./Core/Src/stm32f4xx_it.o
                0x0800123c                UsageFault_Handler
 .text.SVC_Handler
                0x08001244        0xe ./Core/Src/stm32f4xx_it.o
                0x08001244                SVC_Handler
 .text.DebugMon_Handler
                0x08001252        0xe ./Core/Src/stm32f4xx_it.o
                0x08001252                DebugMon_Handler
 .text.PendSV_Handler
                0x08001260        0xe ./Core/Src/stm32f4xx_it.o
                0x08001260                PendSV_Handler
 .text.SysTick_Handler
                0x0800126e        0xc ./Core/Src/stm32f4xx_it.o
                0x0800126e                SysTick_Handler
 *fill*         0x0800127a        0x2 
 .text.SystemInit
                0x0800127c       0x24 ./Core/Src/system_stm32f4xx.o
                0x0800127c                SystemInit
 .text.MX_USART2_UART_Init
                0x080012a0       0x54 ./Core/Src/usart.o
                0x080012a0                MX_USART2_UART_Init
 .text.HAL_UART_MspInit
                0x080012f4       0x90 ./Core/Src/usart.o
                0x080012f4                HAL_UART_MspInit
 .text.Reset_Handler
                0x08001384       0x50 ./Core/Startup/startup_stm32f446retx.o
                0x08001384                Reset_Handler
 .text.Default_Handler
                0x080013d4        0x2 ./Core/Startup/startup_stm32f446retx.o
                0x080013d4                RTC_Alarm_IRQHandler
                0x080013d4                EXTI2_IRQHandler
                0x080013d4                TIM8_CC_IRQHandler
                0x080013d4                FMPI2C1_EV_IRQHandler
                0x080013d4                SPI4_IRQHandler
                0x080013d4                TIM1_CC_IRQHandler
                0x080013d4                DMA2_Stream5_IRQHandler
                0x080013d4                DMA1_Stream5_IRQHandler
                0x080013d4                PVD_IRQHandler
                0x080013d4                SDIO_IRQHandler
                0x080013d4                TAMP_STAMP_IRQHandler
                0x080013d4                CAN2_RX1_IRQHandler
                0x080013d4                EXTI3_IRQHandler
                0x080013d4                TIM8_TRG_COM_TIM14_IRQHandler
                0x080013d4                TIM1_UP_TIM10_IRQHandler
                0x080013d4                TIM8_UP_TIM13_IRQHandler
                0x080013d4                I2C3_ER_IRQHandler
                0x080013d4                EXTI0_IRQHandler
                0x080013d4                I2C2_EV_IRQHandler
                0x080013d4                DMA1_Stream2_IRQHandler
                0x080013d4                CAN1_RX0_IRQHandler
                0x080013d4                FPU_IRQHandler
                0x080013d4                OTG_HS_WKUP_IRQHandler
                0x080013d4                CAN2_SCE_IRQHandler
                0x080013d4                DMA2_Stream2_IRQHandler
                0x080013d4                SPI1_IRQHandler
                0x080013d4                TIM6_DAC_IRQHandler
                0x080013d4                TIM1_BRK_TIM9_IRQHandler
                0x080013d4                DCMI_IRQHandler
                0x080013d4                CAN2_RX0_IRQHandler
                0x080013d4                DMA2_Stream3_IRQHandler
                0x080013d4                SAI2_IRQHandler
                0x080013d4                USART6_IRQHandler
                0x080013d4                USART3_IRQHandler
                0x080013d4                CAN1_RX1_IRQHandler
                0x080013d4                UART5_IRQHandler
                0x080013d4                DMA2_Stream0_IRQHandler
                0x080013d4                TIM4_IRQHandler
                0x080013d4                QUADSPI_IRQHandler
                0x080013d4                I2C1_EV_IRQHandler
                0x080013d4                DMA1_Stream6_IRQHandler
                0x080013d4                DMA1_Stream1_IRQHandler
                0x080013d4                UART4_IRQHandler
                0x080013d4                TIM3_IRQHandler
                0x080013d4                RCC_IRQHandler
                0x080013d4                TIM8_BRK_TIM12_IRQHandler
                0x080013d4                Default_Handler
                0x080013d4                CEC_IRQHandler
                0x080013d4                EXTI15_10_IRQHandler
                0x080013d4                ADC_IRQHandler
                0x080013d4                DMA1_Stream7_IRQHandler
                0x080013d4                TIM7_IRQHandler
                0x080013d4                CAN2_TX_IRQHandler
                0x080013d4                TIM5_IRQHandler
                0x080013d4                DMA2_Stream7_IRQHandler
                0x080013d4                I2C3_EV_IRQHandler
                0x080013d4                EXTI9_5_IRQHandler
                0x080013d4                RTC_WKUP_IRQHandler
                0x080013d4                SPDIF_RX_IRQHandler
                0x080013d4                SPI2_IRQHandler
                0x080013d4                OTG_HS_EP1_IN_IRQHandler
                0x080013d4                DMA1_Stream0_IRQHandler
                0x080013d4                CAN1_TX_IRQHandler
                0x080013d4                FMPI2C1_ER_IRQHandler
                0x080013d4                EXTI4_IRQHandler
                0x080013d4                OTG_HS_EP1_OUT_IRQHandler
                0x080013d4                WWDG_IRQHandler
                0x080013d4                TIM2_IRQHandler
                0x080013d4                OTG_FS_WKUP_IRQHandler
                0x080013d4                TIM1_TRG_COM_TIM11_IRQHandler
                0x080013d4                OTG_HS_IRQHandler
                0x080013d4                EXTI1_IRQHandler
                0x080013d4                USART2_IRQHandler
                0x080013d4                I2C2_ER_IRQHandler
                0x080013d4                DMA2_Stream1_IRQHandler
                0x080013d4                CAN1_SCE_IRQHandler
                0x080013d4                FLASH_IRQHandler
                0x080013d4                DMA2_Stream4_IRQHandler
                0x080013d4                USART1_IRQHandler
                0x080013d4                OTG_FS_IRQHandler
                0x080013d4                SPI3_IRQHandler
                0x080013d4                DMA1_Stream4_IRQHandler
                0x080013d4                I2C1_ER_IRQHandler
                0x080013d4                FMC_IRQHandler
                0x080013d4                DMA2_Stream6_IRQHandler
                0x080013d4                SAI1_IRQHandler
                0x080013d4                DMA1_Stream3_IRQHandler
 *fill*         0x080013d6        0x2 
 .text.HAL_Init
                0x080013d8       0x44 ./Drivers/STM32F4xx_HAL_Driver/Src/stm32f4xx_hal.o
                0x080013d8                HAL_Init
 .text.HAL_InitTick
                0x0800141c       0x60 ./Drivers/STM32F4xx_HAL_Driver/Src/stm32f4xx_hal.o
                0x0800141c                HAL_InitTick
 .text.HAL_IncTick
                0x0800147c       0x28 ./Drivers/STM32F4xx_HAL_Driver/Src/stm32f4xx_hal.o
                0x0800147c                HAL_IncTick
 .text.HAL_GetTick
                0x080014a4       0x18 ./Drivers/STM32F4xx_HAL_Driver/Src/stm32f4xx_hal.o
                0x080014a4                HAL_GetTick
 .text.HAL_Delay
                0x080014bc       0x48 ./Drivers/STM32F4xx_HAL_Driver/Src/stm32f4xx_hal.o
                0x080014bc                HAL_Delay
 .text.HAL_CAN_Init
                0x08001504      0x1f6 ./Drivers/STM32F4xx_HAL_Driver/Src/stm32f4xx_hal_can.o
                0x08001504                HAL_CAN_Init
 *fill*         0x080016fa        0x2 
 .text.__NVIC_SetPriorityGrouping
                0x080016fc       0x48 ./Drivers/STM32F4xx_HAL_Driver/Src/stm32f4xx_hal_cortex.o
 .text.__NVIC_GetPriorityGrouping
                0x08001744       0x1c ./Drivers/STM32F4xx_HAL_Driver/Src/stm32f4xx_hal_cortex.o
 .text.__NVIC_SetPriority
                0x08001760       0x54 ./Drivers/STM32F4xx_HAL_Driver/Src/stm32f4xx_hal_cortex.o
 .text.NVIC_EncodePriority
                0x080017b4       0x66 ./Drivers/STM32F4xx_HAL_Driver/Src/stm32f4xx_hal_cortex.o
 *fill*         0x0800181a        0x2 
 .text.SysTick_Config
                0x0800181c       0x44 ./Drivers/STM32F4xx_HAL_Driver/Src/stm32f4xx_hal_cortex.o
 .text.HAL_NVIC_SetPriorityGrouping
                0x08001860       0x16 ./Drivers/STM32F4xx_HAL_Driver/Src/stm32f4xx_hal_cortex.o
                0x08001860                HAL_NVIC_SetPriorityGrouping
 .text.HAL_NVIC_SetPriority
                0x08001876       0x38 ./Drivers/STM32F4xx_HAL_Driver/Src/stm32f4xx_hal_cortex.o
                0x08001876                HAL_NVIC_SetPriority
 .text.HAL_SYSTICK_Config
                0x080018ae       0x18 ./Drivers/STM32F4xx_HAL_Driver/Src/stm32f4xx_hal_cortex.o
                0x080018ae                HAL_SYSTICK_Config
 *fill*         0x080018c6        0x2 
 .text.HAL_GPIO_Init
                0x080018c8      0x328 ./Drivers/STM32F4xx_HAL_Driver/Src/stm32f4xx_hal_gpio.o
                0x080018c8                HAL_GPIO_Init
 .text.HAL_GPIO_WritePin
                0x08001bf0       0x32 ./Drivers/STM32F4xx_HAL_Driver/Src/stm32f4xx_hal_gpio.o
                0x08001bf0                HAL_GPIO_WritePin
 *fill*         0x08001c22        0x2 
 .text.HAL_I2C_Init
                0x08001c24      0x288 ./Drivers/STM32F4xx_HAL_Driver/Src/stm32f4xx_hal_i2c.o
                0x08001c24                HAL_I2C_Init
 .text.HAL_I2C_Master_Transmit
                0x08001eac      0x1fc ./Drivers/STM32F4xx_HAL_Driver/Src/stm32f4xx_hal_i2c.o
                0x08001eac                HAL_I2C_Master_Transmit
 .text.HAL_I2C_Mem_Read
                0x080020a8      0x464 ./Drivers/STM32F4xx_HAL_Driver/Src/stm32f4xx_hal_i2c.o
                0x080020a8                HAL_I2C_Mem_Read
 .text.I2C_MasterRequestWrite
                0x0800250c      0x104 ./Drivers/STM32F4xx_HAL_Driver/Src/stm32f4xx_hal_i2c.o
 .text.I2C_RequestMemoryRead
                0x08002610      0x1d0 ./Drivers/STM32F4xx_HAL_Driver/Src/stm32f4xx_hal_i2c.o
 .text.I2C_WaitOnFlagUntilTimeout
                0x080027e0       0xf4 ./Drivers/STM32F4xx_HAL_Driver/Src/stm32f4xx_hal_i2c.o
 .text.I2C_WaitOnMasterAddressFlagUntilTimeout
                0x080028d4      0x140 ./Drivers/STM32F4xx_HAL_Driver/Src/stm32f4xx_hal_i2c.o
 .text.I2C_WaitOnTXEFlagUntilTimeout
                0x08002a14       0x90 ./Drivers/STM32F4xx_HAL_Driver/Src/stm32f4xx_hal_i2c.o
 .text.I2C_WaitOnBTFFlagUntilTimeout
                0x08002aa4       0x90 ./Drivers/STM32F4xx_HAL_Driver/Src/stm32f4xx_hal_i2c.o
 .text.I2C_WaitOnRXNEFlagUntilTimeout
                0x08002b34       0xba ./Drivers/STM32F4xx_HAL_Driver/Src/stm32f4xx_hal_i2c.o
 .text.I2C_IsAcknowledgeFailed
                0x08002bee       0x5e ./Drivers/STM32F4xx_HAL_Driver/Src/stm32f4xx_hal_i2c.o
 .text.HAL_RCC_ClockConfig
                0x08002c4c      0x1cc ./Drivers/STM32F4xx_HAL_Driver/Src/stm32f4xx_hal_rcc.o
                0x08002c4c                HAL_RCC_ClockConfig
 .text.HAL_RCC_GetHCLKFreq
                0x08002e18       0x18 ./Drivers/STM32F4xx_HAL_Driver/Src/stm32f4xx_hal_rcc.o
                0x08002e18                HAL_RCC_GetHCLKFreq
 .text.HAL_RCC_GetPCLK1Freq
                0x08002e30       0x28 ./Drivers/STM32F4xx_HAL_Driver/Src/stm32f4xx_hal_rcc.o
                0x08002e30                HAL_RCC_GetPCLK1Freq
 .text.HAL_RCC_GetPCLK2Freq
                0x08002e58       0x28 ./Drivers/STM32F4xx_HAL_Driver/Src/stm32f4xx_hal_rcc.o
                0x08002e58                HAL_RCC_GetPCLK2Freq
 .text.HAL_RCC_GetSysClockFreq
                0x08002e80      0x460 ./Drivers/STM32F4xx_HAL_Driver/Src/stm32f4xx_hal_rcc_ex.o
                0x08002e80                HAL_RCC_GetSysClockFreq
 .text.HAL_RCC_OscConfig
                0x080032e0      0x53c ./Drivers/STM32F4xx_HAL_Driver/Src/stm32f4xx_hal_rcc_ex.o
                0x080032e0                HAL_RCC_OscConfig
 .text.HAL_UART_Init
                0x0800381c       0xa0 ./Drivers/STM32F4xx_HAL_Driver/Src/stm32f4xx_hal_uart.o
                0x0800381c                HAL_UART_Init
 .text.UART_SetConfig
                0x080038bc      0x4e8 ./Drivers/STM32F4xx_HAL_Driver/Src/stm32f4xx_hal_uart.o
 .text.memset   0x08003da4       0x10 C:/Program Files/ST/STM32CubeIDE_1.19.0/STM32CubeIDE/plugins/com.st.stm32cube.ide.mcu.externaltools.gnu-tools-for-stm32.13.3.rel1.win32_1.0.0.202411081344/tools/bin/../lib/gcc/arm-none-eabi/13.3.1/../../../../arm-none-eabi/lib/thumb/v7e-m+fp/hard\libc_nano.a(libc_a-memset.o)
                0x08003da4                memset
 .text.__libc_init_array
                0x08003db4       0x48 C:/Program Files/ST/STM32CubeIDE_1.19.0/STM32CubeIDE/plugins/com.st.stm32cube.ide.mcu.externaltools.gnu-tools-for-stm32.13.3.rel1.win32_1.0.0.202411081344/tools/bin/../lib/gcc/arm-none-eabi/13.3.1/../../../../arm-none-eabi/lib/thumb/v7e-m+fp/hard\libc_nano.a(libc_a-init.o)
                0x08003db4                __libc_init_array
 *(.glue_7)
 .glue_7        0x08003dfc        0x0 linker stubs
 *(.glue_7t)
 .glue_7t       0x08003dfc        0x0 linker stubs
 *(.eh_frame)
 .eh_frame      0x08003dfc        0x0 C:/Program Files/ST/STM32CubeIDE_1.19.0/STM32CubeIDE/plugins/com.st.stm32cube.ide.mcu.externaltools.gnu-tools-for-stm32.13.3.rel1.win32_1.0.0.202411081344/tools/bin/../lib/gcc/arm-none-eabi/13.3.1/thumb/v7e-m+fp/hard/crtbegin.o
 *(.init)
 .init          0x08003dfc        0x4 C:/Program Files/ST/STM32CubeIDE_1.19.0/STM32CubeIDE/plugins/com.st.stm32cube.ide.mcu.externaltools.gnu-tools-for-stm32.13.3.rel1.win32_1.0.0.202411081344/tools/bin/../lib/gcc/arm-none-eabi/13.3.1/thumb/v7e-m+fp/hard/crti.o
                0x08003dfc                _init
 .init          0x08003e00        0x8 C:/Program Files/ST/STM32CubeIDE_1.19.0/STM32CubeIDE/plugins/com.st.stm32cube.ide.mcu.externaltools.gnu-tools-for-stm32.13.3.rel1.win32_1.0.0.202411081344/tools/bin/../lib/gcc/arm-none-eabi/13.3.1/thumb/v7e-m+fp/hard/crtn.o
 *(.fini)
 .fini          0x08003e08        0x4 C:/Program Files/ST/STM32CubeIDE_1.19.0/STM32CubeIDE/plugins/com.st.stm32cube.ide.mcu.externaltools.gnu-tools-for-stm32.13.3.rel1.win32_1.0.0.202411081344/tools/bin/../lib/gcc/arm-none-eabi/13.3.1/thumb/v7e-m+fp/hard/crti.o
                0x08003e08                _fini
 .fini          0x08003e0c        0x8 C:/Program Files/ST/STM32CubeIDE_1.19.0/STM32CubeIDE/plugins/com.st.stm32cube.ide.mcu.externaltools.gnu-tools-for-stm32.13.3.rel1.win32_1.0.0.202411081344/tools/bin/../lib/gcc/arm-none-eabi/13.3.1/thumb/v7e-m+fp/hard/crtn.o
                0x08003e14                        . = ALIGN (0x4)
                0x08003e14                        _etext = .

.vfp11_veneer   0x08003e14        0x0
 .vfp11_veneer  0x08003e14        0x0 linker stubs

.v4_bx          0x08003e14        0x0
 .v4_bx         0x08003e14        0x0 linker stubs

.iplt           0x08003e14        0x0
 .iplt          0x08003e14        0x0 C:/Program Files/ST/STM32CubeIDE_1.19.0/STM32CubeIDE/plugins/com.st.stm32cube.ide.mcu.externaltools.gnu-tools-for-stm32.13.3.rel1.win32_1.0.0.202411081344/tools/bin/../lib/gcc/arm-none-eabi/13.3.1/thumb/v7e-m+fp/hard/crtbegin.o

.rodata         0x08003e14       0x18
                0x08003e14                        . = ALIGN (0x4)
 *(.rodata)
 *(.rodata*)
 .rodata.AHBPrescTable
                0x08003e14       0x10 ./Core/Src/system_stm32f4xx.o
                0x08003e14                AHBPrescTable
 .rodata.APBPrescTable
                0x08003e24        0x8 ./Core/Src/system_stm32f4xx.o
                0x08003e24                APBPrescTable
                0x08003e2c                        . = ALIGN (0x4)

.ARM.extab      0x08003e2c        0x0
                0x08003e2c                        . = ALIGN (0x4)
 *(.ARM.extab* .gnu.linkonce.armextab.*)
                0x08003e2c                        . = ALIGN (0x4)

.ARM            0x08003e2c        0x8
                0x08003e2c                        . = ALIGN (0x4)
                0x08003e2c                        __exidx_start = .
 *(.ARM.exidx*)
 .ARM.exidx     0x08003e2c        0x8 C:/Program Files/ST/STM32CubeIDE_1.19.0/STM32CubeIDE/plugins/com.st.stm32cube.ide.mcu.externaltools.gnu-tools-for-stm32.13.3.rel1.win32_1.0.0.202411081344/tools/bin/../lib/gcc/arm-none-eabi/13.3.1/thumb/v7e-m+fp/hard\libgcc.a(_udivmoddi4.o)
                0x08003e34                        __exidx_end = .
                0x08003e34                        . = ALIGN (0x4)

.preinit_array  0x08003e34        0x0
                0x08003e34                        . = ALIGN (0x4)
                0x08003e34                        PROVIDE (__preinit_array_start = .)
 *(.preinit_array*)
                0x08003e34                        PROVIDE (__preinit_array_end = .)
                0x08003e34                        . = ALIGN (0x4)

.init_array     0x08003e34        0x4
                0x08003e34                        . = ALIGN (0x4)
                0x08003e34                        PROVIDE (__init_array_start = .)
 *(SORT_BY_NAME(.init_array.*))
 *(.init_array*)
 .init_array    0x08003e34        0x4 C:/Program Files/ST/STM32CubeIDE_1.19.0/STM32CubeIDE/plugins/com.st.stm32cube.ide.mcu.externaltools.gnu-tools-for-stm32.13.3.rel1.win32_1.0.0.202411081344/tools/bin/../lib/gcc/arm-none-eabi/13.3.1/thumb/v7e-m+fp/hard/crtbegin.o
                0x08003e38                        PROVIDE (__init_array_end = .)
                0x08003e38                        . = ALIGN (0x4)

.fini_array     0x08003e38        0x4
                0x08003e38                        . = ALIGN (0x4)
                [!provide]                        PROVIDE (__fini_array_start = .)
 *(SORT_BY_NAME(.fini_array.*))
 *(.fini_array*)
 .fini_array    0x08003e38        0x4 C:/Program Files/ST/STM32CubeIDE_1.19.0/STM32CubeIDE/plugins/com.st.stm32cube.ide.mcu.externaltools.gnu-tools-for-stm32.13.3.rel1.win32_1.0.0.202411081344/tools/bin/../lib/gcc/arm-none-eabi/13.3.1/thumb/v7e-m+fp/hard/crtbegin.o
                [!provide]                        PROVIDE (__fini_array_end = .)
                0x08003e3c                        . = ALIGN (0x4)
                0x08003e3c                        _sidata = LOADADDR (.data)

.rel.dyn        0x08003e3c        0x0
 .rel.iplt      0x08003e3c        0x0 C:/Program Files/ST/STM32CubeIDE_1.19.0/STM32CubeIDE/plugins/com.st.stm32cube.ide.mcu.externaltools.gnu-tools-for-stm32.13.3.rel1.win32_1.0.0.202411081344/tools/bin/../lib/gcc/arm-none-eabi/13.3.1/thumb/v7e-m+fp/hard/crtbegin.o

.data           0x20000000        0xc load address 0x08003e3c
                0x20000000                        . = ALIGN (0x4)
                0x20000000                        _sdata = .
 *(.data)
 *(.data*)
 .data.SystemCoreClock
                0x20000000        0x4 ./Core/Src/system_stm32f4xx.o
                0x20000000                SystemCoreClock
 .data.uwTickPrio
                0x20000004        0x4 ./Drivers/STM32F4xx_HAL_Driver/Src/stm32f4xx_hal.o
                0x20000004                uwTickPrio
 .data.uwTickFreq
                0x20000008        0x1 ./Drivers/STM32F4xx_HAL_Driver/Src/stm32f4xx_hal.o
                0x20000008                uwTickFreq
 *(.RamFunc)
 *(.RamFunc*)
                0x2000000c                        . = ALIGN (0x4)
 *fill*         0x20000009        0x3 
                0x2000000c                        _edata = .

.igot.plt       0x2000000c        0x0 load address 0x08003e48
 .igot.plt      0x2000000c        0x0 C:/Program Files/ST/STM32CubeIDE_1.19.0/STM32CubeIDE/plugins/com.st.stm32cube.ide.mcu.externaltools.gnu-tools-for-stm32.13.3.rel1.win32_1.0.0.202411081344/tools/bin/../lib/gcc/arm-none-eabi/13.3.1/thumb/v7e-m+fp/hard/crtbegin.o
                0x2000000c                        . = ALIGN (0x4)

.bss            0x2000000c      0x13c load address 0x08003e48
                0x2000000c                        _sbss = .
                0x2000000c                        __bss_start__ = _sbss
 *(.bss)
 .bss           0x2000000c       0x1c C:/Program Files/ST/STM32CubeIDE_1.19.0/STM32CubeIDE/plugins/com.st.stm32cube.ide.mcu.externaltools.gnu-tools-for-stm32.13.3.rel1.win32_1.0.0.202411081344/tools/bin/../lib/gcc/arm-none-eabi/13.3.1/thumb/v7e-m+fp/hard/crtbegin.o
 *(.bss*)
 .bss.hcan1     0x20000028       0x28 ./Core/Src/can.o
                0x20000028                hcan1
 .bss.hi2c1     0x20000050       0x54 ./Core/Src/i2c.o
                0x20000050                hi2c1
 .bss.g_system_status
                0x200000a4       0x54 ./Core/Src/precharge.o
 .bss.last_sensor_poll_time
                0x200000f8        0x4 ./Core/Src/precharge.o
 .bss.huart2    0x200000fc       0x48 ./Core/Src/usart.o
                0x200000fc                huart2
 .bss.uwTick    0x20000144        0x4 ./Drivers/STM32F4xx_HAL_Driver/Src/stm32f4xx_hal.o
                0x20000144                uwTick
 *(COMMON)
                0x20000148                        . = ALIGN (0x4)
                0x20000148                        _ebss = .
                0x20000148                        __bss_end__ = _ebss

._user_heap_stack
                0x20000148      0x600 load address 0x08003e48
                0x20000148                        . = ALIGN (0x8)
                [!provide]                        PROVIDE (end = .)
                0x20000148                        PROVIDE (_end = .)
                0x20000348                        . = (. + _Min_Heap_Size)
 *fill*         0x20000148      0x200 
                0x20000748                        . = (. + _Min_Stack_Size)
 *fill*         0x20000348      0x400 
                0x20000748                        . = ALIGN (0x8)

/DISCARD/
 libc.a(*)
 libm.a(*)
 libgcc.a(*)

.ARM.attributes
                0x00000000       0x30
 *(.ARM.attributes)
 .ARM.attributes
                0x00000000       0x22 C:/Program Files/ST/STM32CubeIDE_1.19.0/STM32CubeIDE/plugins/com.st.stm32cube.ide.mcu.externaltools.gnu-tools-for-stm32.13.3.rel1.win32_1.0.0.202411081344/tools/bin/../lib/gcc/arm-none-eabi/13.3.1/thumb/v7e-m+fp/hard/crti.o
 .ARM.attributes
                0x00000022       0x34 C:/Program Files/ST/STM32CubeIDE_1.19.0/STM32CubeIDE/plugins/com.st.stm32cube.ide.mcu.externaltools.gnu-tools-for-stm32.13.3.rel1.win32_1.0.0.202411081344/tools/bin/../lib/gcc/arm-none-eabi/13.3.1/thumb/v7e-m+fp/hard/crtbegin.o
 .ARM.attributes
                0x00000056       0x34 ./Core/Src/can.o
 .ARM.attributes
                0x0000008a       0x34 ./Core/Src/gpio.o
 .ARM.attributes
                0x000000be       0x34 ./Core/Src/i2c.o
 .ARM.attributes
                0x000000f2       0x34 ./Core/Src/ina228_driver.o
 .ARM.attributes
                0x00000126       0x34 ./Core/Src/main.o
 .ARM.attributes
                0x0000015a       0x34 ./Core/Src/precharge.o
 .ARM.attributes
                0x0000018e       0x34 ./Core/Src/stm32f4xx_hal_msp.o
 .ARM.attributes
                0x000001c2       0x34 ./Core/Src/stm32f4xx_it.o
 .ARM.attributes
                0x000001f6       0x34 ./Core/Src/system_stm32f4xx.o
 .ARM.attributes
                0x0000022a       0x34 ./Core/Src/usart.o
 .ARM.attributes
                0x0000025e       0x21 ./Core/Startup/startup_stm32f446retx.o
 .ARM.attributes
                0x0000027f       0x34 ./Drivers/STM32F4xx_HAL_Driver/Src/stm32f4xx_hal.o
 .ARM.attributes
                0x000002b3       0x34 ./Drivers/STM32F4xx_HAL_Driver/Src/stm32f4xx_hal_can.o
 .ARM.attributes
                0x000002e7       0x34 ./Drivers/STM32F4xx_HAL_Driver/Src/stm32f4xx_hal_cortex.o
 .ARM.attributes
                0x0000031b       0x34 ./Drivers/STM32F4xx_HAL_Driver/Src/stm32f4xx_hal_gpio.o
 .ARM.attributes
                0x0000034f       0x34 ./Drivers/STM32F4xx_HAL_Driver/Src/stm32f4xx_hal_i2c.o
 .ARM.attributes
                0x00000383       0x34 ./Drivers/STM32F4xx_HAL_Driver/Src/stm32f4xx_hal_rcc.o
 .ARM.attributes
                0x000003b7       0x34 ./Drivers/STM32F4xx_HAL_Driver/Src/stm32f4xx_hal_rcc_ex.o
 .ARM.attributes
                0x000003eb       0x34 ./Drivers/STM32F4xx_HAL_Driver/Src/stm32f4xx_hal_uart.o
 .ARM.attributes
                0x0000041f       0x34 C:/Program Files/ST/STM32CubeIDE_1.19.0/STM32CubeIDE/plugins/com.st.stm32cube.ide.mcu.externaltools.gnu-tools-for-stm32.13.3.rel1.win32_1.0.0.202411081344/tools/bin/../lib/gcc/arm-none-eabi/13.3.1/../../../../arm-none-eabi/lib/thumb/v7e-m+fp/hard\libc_nano.a(libc_a-memset.o)
 .ARM.attributes
                0x00000453       0x34 C:/Program Files/ST/STM32CubeIDE_1.19.0/STM32CubeIDE/plugins/com.st.stm32cube.ide.mcu.externaltools.gnu-tools-for-stm32.13.3.rel1.win32_1.0.0.202411081344/tools/bin/../lib/gcc/arm-none-eabi/13.3.1/../../../../arm-none-eabi/lib/thumb/v7e-m+fp/hard\libc_nano.a(libc_a-init.o)
 .ARM.attributes
                0x00000487       0x22 C:/Program Files/ST/STM32CubeIDE_1.19.0/STM32CubeIDE/plugins/com.st.stm32cube.ide.mcu.externaltools.gnu-tools-for-stm32.13.3.rel1.win32_1.0.0.202411081344/tools/bin/../lib/gcc/arm-none-eabi/13.3.1/thumb/v7e-m+fp/hard\libgcc.a(_aeabi_uldivmod.o)
 .ARM.attributes
                0x000004a9       0x34 C:/Program Files/ST/STM32CubeIDE_1.19.0/STM32CubeIDE/plugins/com.st.stm32cube.ide.mcu.externaltools.gnu-tools-for-stm32.13.3.rel1.win32_1.0.0.202411081344/tools/bin/../lib/gcc/arm-none-eabi/13.3.1/thumb/v7e-m+fp/hard\libgcc.a(_udivmoddi4.o)
 .ARM.attributes
                0x000004dd       0x22 C:/Program Files/ST/STM32CubeIDE_1.19.0/STM32CubeIDE/plugins/com.st.stm32cube.ide.mcu.externaltools.gnu-tools-for-stm32.13.3.rel1.win32_1.0.0.202411081344/tools/bin/../lib/gcc/arm-none-eabi/13.3.1/thumb/v7e-m+fp/hard\libgcc.a(_dvmd_tls.o)
 .ARM.attributes
                0x000004ff       0x22 C:/Program Files/ST/STM32CubeIDE_1.19.0/STM32CubeIDE/plugins/com.st.stm32cube.ide.mcu.externaltools.gnu-tools-for-stm32.13.3.rel1.win32_1.0.0.202411081344/tools/bin/../lib/gcc/arm-none-eabi/13.3.1/thumb/v7e-m+fp/hard/crtn.o
OUTPUT(precharge.elf elf32-littlearm)
LOAD linker stubs
LOAD C:/Program Files/ST/STM32CubeIDE_1.19.0/STM32CubeIDE/plugins/com.st.stm32cube.ide.mcu.externaltools.gnu-tools-for-stm32.13.3.rel1.win32_1.0.0.202411081344/tools/bin/../lib/gcc/arm-none-eabi/13.3.1/../../../../arm-none-eabi/lib/thumb/v7e-m+fp/hard\libc.a
LOAD C:/Program Files/ST/STM32CubeIDE_1.19.0/STM32CubeIDE/plugins/com.st.stm32cube.ide.mcu.externaltools.gnu-tools-for-stm32.13.3.rel1.win32_1.0.0.202411081344/tools/bin/../lib/gcc/arm-none-eabi/13.3.1/../../../../arm-none-eabi/lib/thumb/v7e-m+fp/hard\libm.a
LOAD C:/Program Files/ST/STM32CubeIDE_1.19.0/STM32CubeIDE/plugins/com.st.stm32cube.ide.mcu.externaltools.gnu-tools-for-stm32.13.3.rel1.win32_1.0.0.202411081344/tools/bin/../lib/gcc/arm-none-eabi/13.3.1/thumb/v7e-m+fp/hard\libgcc.a

.debug_info     0x00000000     0xd17c
 .debug_info    0x00000000      0x880 ./Core/Src/can.o
 .debug_info    0x00000880      0x439 ./Core/Src/gpio.o
 .debug_info    0x00000cb9      0x9a4 ./Core/Src/i2c.o
 .debug_info    0x0000165d      0xb06 ./Core/Src/ina228_driver.o
 .debug_info    0x00002163      0x51b ./Core/Src/main.o
 .debug_info    0x0000267e      0x517 ./Core/Src/precharge.o
 .debug_info    0x00002b95      0x2ac ./Core/Src/stm32f4xx_hal_msp.o
 .debug_info    0x00002e41      0x112 ./Core/Src/stm32f4xx_it.o
 .debug_info    0x00002f53      0x54a ./Core/Src/system_stm32f4xx.o
 .debug_info    0x0000349d      0x94d ./Core/Src/usart.o
 .debug_info    0x00003dea       0x30 ./Core/Startup/startup_stm32f446retx.o
 .debug_info    0x00003e1a      0x99a ./Drivers/STM32F4xx_HAL_Driver/Src/stm32f4xx_hal.o
 .debug_info    0x000047b4      0xf44 ./Drivers/STM32F4xx_HAL_Driver/Src/stm32f4xx_hal_can.o
 .debug_info    0x000056f8      0xdaa ./Drivers/STM32F4xx_HAL_Driver/Src/stm32f4xx_hal_cortex.o
 .debug_info    0x000064a2      0x70b ./Drivers/STM32F4xx_HAL_Driver/Src/stm32f4xx_hal_gpio.o
 .debug_info    0x00006bad     0x2421 ./Drivers/STM32F4xx_HAL_Driver/Src/stm32f4xx_hal_i2c.o
 .debug_info    0x00008fce      0x8ff ./Drivers/STM32F4xx_HAL_Driver/Src/stm32f4xx_hal_rcc.o
 .debug_info    0x000098cd      0x960 ./Drivers/STM32F4xx_HAL_Driver/Src/stm32f4xx_hal_rcc_ex.o
 .debug_info    0x0000a22d     0x2f4f ./Drivers/STM32F4xx_HAL_Driver/Src/stm32f4xx_hal_uart.o

.debug_abbrev   0x00000000     0x23dd
 .debug_abbrev  0x00000000      0x200 ./Core/Src/can.o
 .debug_abbrev  0x00000200      0x152 ./Core/Src/gpio.o
 .debug_abbrev  0x00000352      0x1f1 ./Core/Src/i2c.o
 .debug_abbrev  0x00000543      0x206 ./Core/Src/ina228_driver.o
 .debug_abbrev  0x00000749      0x1de ./Core/Src/main.o
 .debug_abbrev  0x00000927      0x236 ./Core/Src/precharge.o
 .debug_abbrev  0x00000b5d       0xf4 ./Core/Src/stm32f4xx_hal_msp.o
 .debug_abbrev  0x00000c51       0x73 ./Core/Src/stm32f4xx_it.o
 .debug_abbrev  0x00000cc4      0x11a ./Core/Src/system_stm32f4xx.o
 .debug_abbrev  0x00000dde      0x1f9 ./Core/Src/usart.o
 .debug_abbrev  0x00000fd7       0x24 ./Core/Startup/startup_stm32f446retx.o
 .debug_abbrev  0x00000ffb      0x214 ./Drivers/STM32F4xx_HAL_Driver/Src/stm32f4xx_hal.o
 .debug_abbrev  0x0000120f      0x25a ./Drivers/STM32F4xx_HAL_Driver/Src/stm32f4xx_hal_can.o
 .debug_abbrev  0x00001469      0x31d ./Drivers/STM32F4xx_HAL_Driver/Src/stm32f4xx_hal_cortex.o
 .debug_abbrev  0x00001786      0x1d4 ./Drivers/STM32F4xx_HAL_Driver/Src/stm32f4xx_hal_gpio.o
 .debug_abbrev  0x0000195a      0x2ad ./Drivers/STM32F4xx_HAL_Driver/Src/stm32f4xx_hal_i2c.o
 .debug_abbrev  0x00001c07      0x2b7 ./Drivers/STM32F4xx_HAL_Driver/Src/stm32f4xx_hal_rcc.o
 .debug_abbrev  0x00001ebe      0x211 ./Drivers/STM32F4xx_HAL_Driver/Src/stm32f4xx_hal_rcc_ex.o
 .debug_abbrev  0x000020cf      0x30e ./Drivers/STM32F4xx_HAL_Driver/Src/stm32f4xx_hal_uart.o

.debug_aranges  0x00000000      0xc00
 .debug_aranges
                0x00000000       0x30 ./Core/Src/can.o
 .debug_aranges
                0x00000030       0x20 ./Core/Src/gpio.o
 .debug_aranges
                0x00000050       0x30 ./Core/Src/i2c.o
 .debug_aranges
                0x00000080       0x70 ./Core/Src/ina228_driver.o
 .debug_aranges
                0x000000f0       0x30 ./Core/Src/main.o
 .debug_aranges
                0x00000120       0x80 ./Core/Src/precharge.o
 .debug_aranges
                0x000001a0       0x20 ./Core/Src/stm32f4xx_hal_msp.o
 .debug_aranges
                0x000001c0       0x60 ./Core/Src/stm32f4xx_it.o
 .debug_aranges
                0x00000220       0x28 ./Core/Src/system_stm32f4xx.o
 .debug_aranges
                0x00000248       0x30 ./Core/Src/usart.o
 .debug_aranges
                0x00000278       0x28 ./Core/Startup/startup_stm32f446retx.o
 .debug_aranges
                0x000002a0       0xf0 ./Drivers/STM32F4xx_HAL_Driver/Src/stm32f4xx_hal.o
 .debug_aranges
                0x00000390      0x138 ./Drivers/STM32F4xx_HAL_Driver/Src/stm32f4xx_hal_can.o
 .debug_aranges
                0x000004c8      0x130 ./Drivers/STM32F4xx_HAL_Driver/Src/stm32f4xx_hal_cortex.o
 .debug_aranges
                0x000005f8       0x58 ./Drivers/STM32F4xx_HAL_Driver/Src/stm32f4xx_hal_gpio.o
 .debug_aranges
                0x00000650      0x2a8 ./Drivers/STM32F4xx_HAL_Driver/Src/stm32f4xx_hal_i2c.o
 .debug_aranges
                0x000008f8       0x88 ./Drivers/STM32F4xx_HAL_Driver/Src/stm32f4xx_hal_rcc.o
 .debug_aranges
                0x00000980       0x78 ./Drivers/STM32F4xx_HAL_Driver/Src/stm32f4xx_hal_rcc_ex.o
 .debug_aranges
                0x000009f8      0x208 ./Drivers/STM32F4xx_HAL_Driver/Src/stm32f4xx_hal_uart.o

.debug_rnglists
                0x00000000      0x946
 .debug_rnglists
                0x00000000       0x20 ./Core/Src/can.o
 .debug_rnglists
                0x00000020       0x14 ./Core/Src/gpio.o
 .debug_rnglists
                0x00000034       0x20 ./Core/Src/i2c.o
 .debug_rnglists
                0x00000054       0x52 ./Core/Src/ina228_driver.o
 .debug_rnglists
                0x000000a6       0x20 ./Core/Src/main.o
 .debug_rnglists
                0x000000c6       0x5f ./Core/Src/precharge.o
 .debug_rnglists
                0x00000125       0x13 ./Core/Src/stm32f4xx_hal_msp.o
 .debug_rnglists
                0x00000138       0x43 ./Core/Src/stm32f4xx_it.o
 .debug_rnglists
                0x0000017b       0x1a ./Core/Src/system_stm32f4xx.o
 .debug_rnglists
                0x00000195       0x20 ./Core/Src/usart.o
 .debug_rnglists
                0x000001b5       0x19 ./Core/Startup/startup_stm32f446retx.o
 .debug_rnglists
                0x000001ce       0xaf ./Drivers/STM32F4xx_HAL_Driver/Src/stm32f4xx_hal.o
 .debug_rnglists
                0x0000027d       0xee ./Drivers/STM32F4xx_HAL_Driver/Src/stm32f4xx_hal_can.o
 .debug_rnglists
                0x0000036b       0xe0 ./Drivers/STM32F4xx_HAL_Driver/Src/stm32f4xx_hal_cortex.o
 .debug_rnglists
                0x0000044b       0x3f ./Drivers/STM32F4xx_HAL_Driver/Src/stm32f4xx_hal_gpio.o
 .debug_rnglists
                0x0000048a      0x23c ./Drivers/STM32F4xx_HAL_Driver/Src/stm32f4xx_hal_i2c.o
 .debug_rnglists
                0x000006c6       0x66 ./Drivers/STM32F4xx_HAL_Driver/Src/stm32f4xx_hal_rcc.o
 .debug_rnglists
                0x0000072c       0x5e ./Drivers/STM32F4xx_HAL_Driver/Src/stm32f4xx_hal_rcc_ex.o
 .debug_rnglists
                0x0000078a      0x1bc ./Drivers/STM32F4xx_HAL_Driver/Src/stm32f4xx_hal_uart.o

.debug_macro    0x00000000    0x22743
 .debug_macro   0x00000000      0x1f6 ./Core/Src/can.o
 .debug_macro   0x000001f6      0xad8 ./Core/Src/can.o
 .debug_macro   0x00000cce      0x2a1 ./Core/Src/can.o
 .debug_macro   0x00000f6f       0x2e ./Core/Src/can.o
 .debug_macro   0x00000f9d       0x28 ./Core/Src/can.o
 .debug_macro   0x00000fc5       0x22 ./Core/Src/can.o
 .debug_macro   0x00000fe7       0x8e ./Core/Src/can.o
 .debug_macro   0x00001075       0x51 ./Core/Src/can.o
 .debug_macro   0x000010c6      0x103 ./Core/Src/can.o
 .debug_macro   0x000011c9       0x6a ./Core/Src/can.o
 .debug_macro   0x00001233      0x1df ./Core/Src/can.o
 .debug_macro   0x00001412       0x1c ./Core/Src/can.o
 .debug_macro   0x0000142e       0x22 ./Core/Src/can.o
 .debug_macro   0x00001450       0xfb ./Core/Src/can.o
 .debug_macro   0x0000154b     0x1011 ./Core/Src/can.o
 .debug_macro   0x0000255c      0x11f ./Core/Src/can.o
 .debug_macro   0x0000267b    0x1675e ./Core/Src/can.o
 .debug_macro   0x00018dd9       0x6d ./Core/Src/can.o
 .debug_macro   0x00018e46     0x3693 ./Core/Src/can.o
 .debug_macro   0x0001c4d9      0x190 ./Core/Src/can.o
 .debug_macro   0x0001c669       0x5c ./Core/Src/can.o
 .debug_macro   0x0001c6c5      0xca5 ./Core/Src/can.o
 .debug_macro   0x0001d36a      0x9e9 ./Core/Src/can.o
 .debug_macro   0x0001dd53      0x115 ./Core/Src/can.o
 .debug_macro   0x0001de68      0x1a0 ./Core/Src/can.o
 .debug_macro   0x0001e008       0xa5 ./Core/Src/can.o
 .debug_macro   0x0001e0ad      0x16d ./Core/Src/can.o
 .debug_macro   0x0001e21a      0x287 ./Core/Src/can.o
 .debug_macro   0x0001e4a1       0x5f ./Core/Src/can.o
 .debug_macro   0x0001e500      0x236 ./Core/Src/can.o
 .debug_macro   0x0001e736      0x40f ./Core/Src/can.o
 .debug_macro   0x0001eb45      0x132 ./Core/Src/can.o
 .debug_macro   0x0001ec77      0x29c ./Core/Src/can.o
 .debug_macro   0x0001ef13       0x2e ./Core/Src/can.o
 .debug_macro   0x0001ef41      0x1b5 ./Core/Src/can.o
 .debug_macro   0x0001f0f6       0x22 ./Core/Src/can.o
 .debug_macro   0x0001f118       0xd6 ./Core/Src/can.o
 .debug_macro   0x0001f1ee      0x127 ./Core/Src/can.o
 .debug_macro   0x0001f315       0xe8 ./Core/Src/can.o
 .debug_macro   0x0001f3fd       0x89 ./Core/Src/can.o
 .debug_macro   0x0001f486      0x2aa ./Core/Src/can.o
 .debug_macro   0x0001f730      0x126 ./Core/Src/can.o
 .debug_macro   0x0001f856       0x94 ./Core/Src/can.o
 .debug_macro   0x0001f8ea      0x1f6 ./Core/Src/gpio.o
 .debug_macro   0x0001fae0      0x1f6 ./Core/Src/i2c.o
 .debug_macro   0x0001fcd6      0x2b6 ./Core/Src/ina228_driver.o
 .debug_macro   0x0001ff8c      0x112 ./Core/Src/ina228_driver.o
 .debug_macro   0x0002009e       0x61 ./Core/Src/ina228_driver.o
 .debug_macro   0x000200ff       0x2a ./Core/Src/ina228_driver.o
 .debug_macro   0x00020129       0x43 ./Core/Src/ina228_driver.o
 .debug_macro   0x0002016c       0x34 ./Core/Src/ina228_driver.o
 .debug_macro   0x000201a0      0x370 ./Core/Src/ina228_driver.o
 .debug_macro   0x00020510       0x16 ./Core/Src/ina228_driver.o
 .debug_macro   0x00020526       0x4a ./Core/Src/ina228_driver.o
 .debug_macro   0x00020570       0x34 ./Core/Src/ina228_driver.o
 .debug_macro   0x000205a4       0x10 ./Core/Src/ina228_driver.o
 .debug_macro   0x000205b4       0x58 ./Core/Src/ina228_driver.o
 .debug_macro   0x0002060c       0x8e ./Core/Src/ina228_driver.o
 .debug_macro   0x0002069a       0x1c ./Core/Src/ina228_driver.o
 .debug_macro   0x000206b6      0x185 ./Core/Src/ina228_driver.o
 .debug_macro   0x0002083b      0x19b ./Core/Src/ina228_driver.o
 .debug_macro   0x000209d6      0x23d ./Core/Src/main.o
 .debug_macro   0x00020c13       0x22 ./Core/Src/main.o
 .debug_macro   0x00020c35      0x118 ./Core/Src/main.o
 .debug_macro   0x00020d4d       0x22 ./Core/Src/main.o
 .debug_macro   0x00020d6f      0x24f ./Core/Src/precharge.o
 .debug_macro   0x00020fbe      0x1ec ./Core/Src/stm32f4xx_hal_msp.o
 .debug_macro   0x000211aa      0x1f6 ./Core/Src/stm32f4xx_it.o
 .debug_macro   0x000213a0      0x1dd ./Core/Src/system_stm32f4xx.o
 .debug_macro   0x0002157d      0x1f6 ./Core/Src/usart.o
 .debug_macro   0x00021773      0x23d ./Drivers/STM32F4xx_HAL_Driver/Src/stm32f4xx_hal.o
 .debug_macro   0x000219b0      0x1ec ./Drivers/STM32F4xx_HAL_Driver/Src/stm32f4xx_hal_can.o
 .debug_macro   0x00021b9c      0x1dd ./Drivers/STM32F4xx_HAL_Driver/Src/stm32f4xx_hal_cortex.o
 .debug_macro   0x00021d79      0x1e3 ./Drivers/STM32F4xx_HAL_Driver/Src/stm32f4xx_hal_gpio.o
 .debug_macro   0x00021f5c      0x22b ./Drivers/STM32F4xx_HAL_Driver/Src/stm32f4xx_hal_i2c.o
 .debug_macro   0x00022187      0x201 ./Drivers/STM32F4xx_HAL_Driver/Src/stm32f4xx_hal_rcc.o
 .debug_macro   0x00022388      0x1dd ./Drivers/STM32F4xx_HAL_Driver/Src/stm32f4xx_hal_rcc_ex.o
 .debug_macro   0x00022565      0x1de ./Drivers/STM32F4xx_HAL_Driver/Src/stm32f4xx_hal_uart.o

.debug_line     0x00000000    0x11c53
 .debug_line    0x00000000      0x88e ./Core/Src/can.o
 .debug_line    0x0000088e      0x844 ./Core/Src/gpio.o
 .debug_line    0x000010d2      0x88a ./Core/Src/i2c.o
 .debug_line    0x0000195c      0xcdb ./Core/Src/ina228_driver.o
 .debug_line    0x00002637      0x8f0 ./Core/Src/main.o
 .debug_line    0x00002f27      0xb8f ./Core/Src/precharge.o
 .debug_line    0x00003ab6      0x81d ./Core/Src/stm32f4xx_hal_msp.o
 .debug_line    0x000042d3      0x8cb ./Core/Src/stm32f4xx_it.o
 .debug_line    0x00004b9e      0x892 ./Core/Src/system_stm32f4xx.o
 .debug_line    0x00005430      0x88a ./Core/Src/usart.o
 .debug_line    0x00005cba       0x7a ./Core/Startup/startup_stm32f446retx.o
 .debug_line    0x00005d34      0xb0e ./Drivers/STM32F4xx_HAL_Driver/Src/stm32f4xx_hal.o
 .debug_line    0x00006842     0x12cd ./Drivers/STM32F4xx_HAL_Driver/Src/stm32f4xx_hal_can.o
 .debug_line    0x00007b0f      0xdde ./Drivers/STM32F4xx_HAL_Driver/Src/stm32f4xx_hal_cortex.o
 .debug_line    0x000088ed      0xc52 ./Drivers/STM32F4xx_HAL_Driver/Src/stm32f4xx_hal_gpio.o
 .debug_line    0x0000953f     0x3bbb ./Drivers/STM32F4xx_HAL_Driver/Src/stm32f4xx_hal_i2c.o
 .debug_line    0x0000d0fa      0xf29 ./Drivers/STM32F4xx_HAL_Driver/Src/stm32f4xx_hal_rcc.o
 .debug_line    0x0000e023     0x15da ./Drivers/STM32F4xx_HAL_Driver/Src/stm32f4xx_hal_rcc_ex.o
 .debug_line    0x0000f5fd     0x2656 ./Drivers/STM32F4xx_HAL_Driver/Src/stm32f4xx_hal_uart.o

.debug_str      0x00000000    0xce15b
 .debug_str     0x00000000    0xce15b ./Core/Src/can.o
                              0xc67f5 (size before relaxing)
 .debug_str     0x000ce15b    0xc6547 ./Core/Src/gpio.o
 .debug_str     0x000ce15b    0xc6a7b ./Core/Src/i2c.o
 .debug_str     0x000ce15b    0xca9ac ./Core/Src/ina228_driver.o
 .debug_str     0x000ce15b    0xc6ce2 ./Core/Src/main.o
 .debug_str     0x000ce15b    0xc6de5 ./Core/Src/precharge.o
 .debug_str     0x000ce15b    0xc6499 ./Core/Src/stm32f4xx_hal_msp.o
 .debug_str     0x000ce15b    0xc63dd ./Core/Src/stm32f4xx_it.o
 .debug_str     0x000ce15b    0xc631f ./Core/Src/system_stm32f4xx.o
 .debug_str     0x000ce15b    0xc6a04 ./Core/Src/usart.o
 .debug_str     0x000ce15b       0x81 ./Core/Startup/startup_stm32f446retx.o
 .debug_str     0x000ce15b    0xc6ee4 ./Drivers/STM32F4xx_HAL_Driver/Src/stm32f4xx_hal.o
 .debug_str     0x000ce15b    0xc69f4 ./Drivers/STM32F4xx_HAL_Driver/Src/stm32f4xx_hal_can.o
 .debug_str     0x000ce15b    0xc6c3b ./Drivers/STM32F4xx_HAL_Driver/Src/stm32f4xx_hal_cortex.o
 .debug_str     0x000ce15b    0xc649a ./Drivers/STM32F4xx_HAL_Driver/Src/stm32f4xx_hal_gpio.o
 .debug_str     0x000ce15b    0xc731d ./Drivers/STM32F4xx_HAL_Driver/Src/stm32f4xx_hal_i2c.o
 .debug_str     0x000ce15b    0xc6758 ./Drivers/STM32F4xx_HAL_Driver/Src/stm32f4xx_hal_rcc.o
 .debug_str     0x000ce15b    0xc678b ./Drivers/STM32F4xx_HAL_Driver/Src/stm32f4xx_hal_rcc_ex.o
 .debug_str     0x000ce15b    0xc6d0f ./Drivers/STM32F4xx_HAL_Driver/Src/stm32f4xx_hal_uart.o

.comment        0x00000000       0x43
 .comment       0x00000000       0x43 ./Core/Src/can.o
                                 0x44 (size before relaxing)
 .comment       0x00000043       0x44 ./Core/Src/gpio.o
 .comment       0x00000043       0x44 ./Core/Src/i2c.o
 .comment       0x00000043       0x44 ./Core/Src/ina228_driver.o
 .comment       0x00000043       0x44 ./Core/Src/main.o
 .comment       0x00000043       0x44 ./Core/Src/precharge.o
 .comment       0x00000043       0x44 ./Core/Src/stm32f4xx_hal_msp.o
 .comment       0x00000043       0x44 ./Core/Src/stm32f4xx_it.o
 .comment       0x00000043       0x44 ./Core/Src/system_stm32f4xx.o
 .comment       0x00000043       0x44 ./Core/Src/usart.o
 .comment       0x00000043       0x44 ./Drivers/STM32F4xx_HAL_Driver/Src/stm32f4xx_hal.o
 .comment       0x00000043       0x44 ./Drivers/STM32F4xx_HAL_Driver/Src/stm32f4xx_hal_can.o
 .comment       0x00000043       0x44 ./Drivers/STM32F4xx_HAL_Driver/Src/stm32f4xx_hal_cortex.o
 .comment       0x00000043       0x44 ./Drivers/STM32F4xx_HAL_Driver/Src/stm32f4xx_hal_gpio.o
 .comment       0x00000043       0x44 ./Drivers/STM32F4xx_HAL_Driver/Src/stm32f4xx_hal_i2c.o
 .comment       0x00000043       0x44 ./Drivers/STM32F4xx_HAL_Driver/Src/stm32f4xx_hal_rcc.o
 .comment       0x00000043       0x44 ./Drivers/STM32F4xx_HAL_Driver/Src/stm32f4xx_hal_rcc_ex.o
 .comment       0x00000043       0x44 ./Drivers/STM32F4xx_HAL_Driver/Src/stm32f4xx_hal_uart.o

.debug_frame    0x00000000     0x30ac
 .debug_frame   0x00000000       0x74 ./Core/Src/can.o
 .debug_frame   0x00000074       0x34 ./Core/Src/gpio.o
 .debug_frame   0x000000a8       0x74 ./Core/Src/i2c.o
 .debug_frame   0x0000011c      0x1a0 ./Core/Src/ina228_driver.o
 .debug_frame   0x000002bc       0x68 ./Core/Src/main.o
 .debug_frame   0x00000324      0x1bc ./Core/Src/precharge.o
 .debug_frame   0x000004e0       0x34 ./Core/Src/stm32f4xx_hal_msp.o
 .debug_frame   0x00000514      0x104 ./Core/Src/stm32f4xx_it.o
 .debug_frame   0x00000618       0x58 ./Core/Src/system_stm32f4xx.o
 .debug_frame   0x00000670       0x74 ./Core/Src/usart.o
 .debug_frame   0x000006e4      0x374 ./Drivers/STM32F4xx_HAL_Driver/Src/stm32f4xx_hal.o
 .debug_frame   0x00000a58      0x5a0 ./Drivers/STM32F4xx_HAL_Driver/Src/stm32f4xx_hal_can.o
 .debug_frame   0x00000ff8      0x508 ./Drivers/STM32F4xx_HAL_Driver/Src/stm32f4xx_hal_cortex.o
 .debug_frame   0x00001500      0x14c ./Drivers/STM32F4xx_HAL_Driver/Src/stm32f4xx_hal_gpio.o
 .debug_frame   0x0000164c      0xc84 ./Drivers/STM32F4xx_HAL_Driver/Src/stm32f4xx_hal_i2c.o
 .debug_frame   0x000022d0      0x1f4 ./Drivers/STM32F4xx_HAL_Driver/Src/stm32f4xx_hal_rcc.o
 .debug_frame   0x000024c4      0x1e8 ./Drivers/STM32F4xx_HAL_Driver/Src/stm32f4xx_hal_rcc_ex.o
 .debug_frame   0x000026ac      0x954 ./Drivers/STM32F4xx_HAL_Driver/Src/stm32f4xx_hal_uart.o
 .debug_frame   0x00003000       0x20 C:/Program Files/ST/STM32CubeIDE_1.19.0/STM32CubeIDE/plugins/com.st.stm32cube.ide.mcu.externaltools.gnu-tools-for-stm32.13.3.rel1.win32_1.0.0.202411081344/tools/bin/../lib/gcc/arm-none-eabi/13.3.1/../../../../arm-none-eabi/lib/thumb/v7e-m+fp/hard\libc_nano.a(libc_a-memset.o)
 .debug_frame   0x00003020       0x2c C:/Program Files/ST/STM32CubeIDE_1.19.0/STM32CubeIDE/plugins/com.st.stm32cube.ide.mcu.externaltools.gnu-tools-for-stm32.13.3.rel1.win32_1.0.0.202411081344/tools/bin/../lib/gcc/arm-none-eabi/13.3.1/../../../../arm-none-eabi/lib/thumb/v7e-m+fp/hard\libc_nano.a(libc_a-init.o)
 .debug_frame   0x0000304c       0x2c C:/Program Files/ST/STM32CubeIDE_1.19.0/STM32CubeIDE/plugins/com.st.stm32cube.ide.mcu.externaltools.gnu-tools-for-stm32.13.3.rel1.win32_1.0.0.202411081344/tools/bin/../lib/gcc/arm-none-eabi/13.3.1/thumb/v7e-m+fp/hard\libgcc.a(_aeabi_uldivmod.o)
 .debug_frame   0x00003078       0x34 C:/Program Files/ST/STM32CubeIDE_1.19.0/STM32CubeIDE/plugins/com.st.stm32cube.ide.mcu.externaltools.gnu-tools-for-stm32.13.3.rel1.win32_1.0.0.202411081344/tools/bin/../lib/gcc/arm-none-eabi/13.3.1/thumb/v7e-m+fp/hard\libgcc.a(_udivmoddi4.o)

.debug_line_str
                0x00000000       0x65
 .debug_line_str
                0x00000000       0x65 ./Core/Startup/startup_stm32f446retx.o
